// Jest Snapshot v1, https://goo.gl/fbAQLP

exports[`Table Component renders correctly 1`] = `ShallowWrapper {}`;
